
> office-addin-taskpane@0.0.1 build:dev
> webpack --mode development

assets by status 288 bytes [1m[32m[cached][39m[22m 1 asset
assets by path [1m[32mstyles/[39m[22m 47.1 KiB 15 assets
assets by path [1m[32massets/*.png[39m[22m 130 KiB
  asset [1m[32massets/icon-16.png[39m[22m 32.5 KiB [1m[33m[compared for emit][39m[22m [from: assets/icon-16.png] [1m[32m[copied][39m[22m
  asset [1m[32massets/icon-32.png[39m[22m 32.5 KiB [1m[33m[compared for emit][39m[22m [from: assets/icon-32.png] [1m[32m[copied][39m[22m
  + 2 assets
assets by path [1m[32m*.js[39m[22m 1.14 MiB
  asset [1m[32mpolyfill.js[39m[22m 1.12 MiB [1m[33m[compared for emit][39m[22m (name: polyfill) 1 related asset
  asset [1m[32mtaskpane.js[39m[22m 14.1 KiB [1m[33m[compared for emit][39m[22m (name: taskpane) 1 related asset
  asset [1m[32mcommands.js[39m[22m 5.98 KiB [1m[33m[compared for emit][39m[22m (name: commands) 1 related asset
assets by path [1m[32m*.html[39m[22m 2.31 KiB
  asset [1m[32mtaskpane.html[39m[22m 1.82 KiB [1m[33m[compared for emit][39m[22m
  asset [1m[32mcommands.html[39m[22m 500 bytes [1m[33m[compared for emit][39m[22m
asset [1m[32mmanifest.xml[39m[22m 7.75 KiB [1m[33m[compared for emit][39m[22m [from: manifest.xml] [1m[32m[copied][39m[22m
runtime modules 2.27 KiB 6 modules
modules by path [1m./node_modules/core-js/modules/*.js[39m[22m 427 KiB
  [1m./node_modules/core-js/modules/es.symbol.js[39m[22m 322 bytes [1m[33m[built][39m[22m [1m[33m[code generated][39m[22m
  + 340 modules
modules by path [1m./node_modules/core-js/internals/*.js[39m[22m 262 KiB
  [1m./node_modules/core-js/internals/path.js[39m[22m 98 bytes [1m[33m[built][39m[22m [1m[33m[code generated][39m[22m
  [1m./node_modules/core-js/internals/export.js[39m[22m 2.65 KiB [1m[33m[built][39m[22m [1m[33m[code generated][39m[22m
  + 283 modules
modules by path [1m./src/[39m[22m 2.28 KiB (javascript) 288 bytes (asset)
  modules with errors 78 bytes [1m[31m[true errors][39m[22m 2 modules
  [1m./src/taskpane/taskpane.html[39m[22m 2.16 KiB [1m[33m[built][39m[22m [1m[33m[code generated][39m[22m
  [1m./src/taskpane/taskpane.css[39m[22m 288 bytes (asset) 42 bytes (javascript) [1m[33m[built][39m[22m [1m[33m[code generated][39m[22m
[1m./node_modules/core-js/stable/index.js[39m[22m 13.5 KiB [1m[33m[built][39m[22m [1m[33m[code generated][39m[22m
[1m./node_modules/regenerator-runtime/runtime.js[39m[22m 24.7 KiB [1m[33m[built][39m[22m [1m[33m[code generated][39m[22m
[1m./assets/logo-premium.png[39m[22m 32.5 KiB (asset) 42 bytes (javascript) [1m[33m[built][39m[22m [1m[33m[code generated][39m[22m

[1m[31mERROR[39m[22m in [1m./src/commands/commands.ts[39m[22m
Module build failed (from ./node_modules/babel-loader/lib/index.js):
SyntaxError: C:\Users\benit\Desktop\Github_Copilot_SDK_addin\src\commands\commands.ts: Unexpected token, expected "," (16:21)

[0m [90m 14 |[39m [90m * @param event[39m
 [90m 15 |[39m [90m */[39m
[31m[1m>[22m[39m[90m 16 |[39m [36mfunction[39m action(event[33m:[39m [33mOffice[39m[33m.[39m[33mAddinCommands[39m[33m.[39m[33mEvent[39m) {
 [90m    |[39m                      [31m[1m^[22m[39m
 [90m 17 |[39m   [36mconst[39m message[33m:[39m [33mOffice[39m[33m.[39m[33mNotificationMessageDetails[39m [33m=[39m {
 [90m 18 |[39m     type[33m:[39m [33mOffice[39m[33m.[39m[33mMailboxEnums[39m[33m.[39m[33mItemNotificationMessageType[39m[33m.[39m[33mInformationalMessage[39m[33m,[39m
 [90m 19 |[39m     message[33m:[39m [32m"Performed action."[39m[33m,[39m[0m
    at constructor (C:\Users\benit\Desktop\Github_Copilot_SDK_addin\node_modules\@babel\parser\lib\index.js:365:19)
    at Parser.raise (C:\Users\benit\Desktop\Github_Copilot_SDK_addin\node_modules\@babel\parser\lib\index.js:6599:19)
    at Parser.unexpected (C:\Users\benit\Desktop\Github_Copilot_SDK_addin\node_modules\@babel\parser\lib\index.js:6619:16)
    at Parser.expect (C:\Users\benit\Desktop\Github_Copilot_SDK_addin\node_modules\@babel\parser\lib\index.js:6899:12)
    at Parser.parseBindingList (C:\Users\benit\Desktop\Github_Copilot_SDK_addin\node_modules\@babel\parser\lib\index.js:7366:14)
    at Parser.parseFunctionParams (C:\Users\benit\Desktop\Github_Copilot_SDK_addin\node_modules\@babel\parser\lib\index.js:13461:24)
    at Parser.parseFunction (C:\Users\benit\Desktop\Github_Copilot_SDK_addin\node_modules\@babel\parser\lib\index.js:13443:10)
    at Parser.parseFunctionStatement (C:\Users\benit\Desktop\Github_Copilot_SDK_addin\node_modules\@babel\parser\lib\index.js:13125:17)
    at Parser.parseStatementContent (C:\Users\benit\Desktop\Github_Copilot_SDK_addin\node_modules\@babel\parser\lib\index.js:12791:21)
    at Parser.parseStatementLike (C:\Users\benit\Desktop\Github_Copilot_SDK_addin\node_modules\@babel\parser\lib\index.js:12767:17)
    at Parser.parseModuleItem (C:\Users\benit\Desktop\Github_Copilot_SDK_addin\node_modules\@babel\parser\lib\index.js:12744:17)
    at Parser.parseBlockOrModuleBlockBody (C:\Users\benit\Desktop\Github_Copilot_SDK_addin\node_modules\@babel\parser\lib\index.js:13316:36)
    at Parser.parseBlockBody (C:\Users\benit\Desktop\Github_Copilot_SDK_addin\node_modules\@babel\parser\lib\index.js:13309:10)
    at Parser.parseProgram (C:\Users\benit\Desktop\Github_Copilot_SDK_addin\node_modules\@babel\parser\lib\index.js:12622:10)
    at Parser.parseTopLevel (C:\Users\benit\Desktop\Github_Copilot_SDK_addin\node_modules\@babel\parser\lib\index.js:12612:25)
    at Parser.parse (C:\Users\benit\Desktop\Github_Copilot_SDK_addin\node_modules\@babel\parser\lib\index.js:14488:25)
    at parse (C:\Users\benit\Desktop\Github_Copilot_SDK_addin\node_modules\@babel\parser\lib\index.js:14522:38)
    at parser (C:\Users\benit\Desktop\Github_Copilot_SDK_addin\node_modules\@babel\core\lib\parser\index.js:41:34)
    at parser.next (<anonymous>)
    at normalizeFile (C:\Users\benit\Desktop\Github_Copilot_SDK_addin\node_modules\@babel\core\lib\transformation\normalize-file.js:64:37)
    at normalizeFile.next (<anonymous>)
    at run (C:\Users\benit\Desktop\Github_Copilot_SDK_addin\node_modules\@babel\core\lib\transformation\index.js:22:50)
    at run.next (<anonymous>)
    at transform (C:\Users\benit\Desktop\Github_Copilot_SDK_addin\node_modules\@babel\core\lib\transform.js:22:33)
    at transform.next (<anonymous>)
    at step (C:\Users\benit\Desktop\Github_Copilot_SDK_addin\node_modules\gensync\index.js:261:32)
    at C:\Users\benit\Desktop\Github_Copilot_SDK_addin\node_modules\gensync\index.js:273:13
    at async.call.result.err.err (C:\Users\benit\Desktop\Github_Copilot_SDK_addin\node_modules\gensync\index.js:223:11)
    at C:\Users\benit\Desktop\Github_Copilot_SDK_addin\node_modules\gensync\index.js:189:28
    at C:\Users\benit\Desktop\Github_Copilot_SDK_addin\node_modules\@babel\core\lib\gensync-utils\async.js:67:7
    at C:\Users\benit\Desktop\Github_Copilot_SDK_addin\node_modules\gensync\index.js:113:33
    at step (C:\Users\benit\Desktop\Github_Copilot_SDK_addin\node_modules\gensync\index.js:287:14)
    at C:\Users\benit\Desktop\Github_Copilot_SDK_addin\node_modules\gensync\index.js:273:13
    at async.call.result.err.err (C:\Users\benit\Desktop\Github_Copilot_SDK_addin\node_modules\gensync\index.js:223:11)
    at C:\Users\benit\Desktop\Github_Copilot_SDK_addin\node_modules\gensync\index.js:37:40

[1m[31mERROR[39m[22m in [1m./src/taskpane/taskpane.ts[39m[22m
Module build failed (from ./node_modules/babel-loader/lib/index.js):
SyntaxError: C:\Users\benit\Desktop\Github_Copilot_SDK_addin\src\taskpane\taskpane.ts: Unexpected token (35:10)

[0m [90m 33 |[39m [90m */[39m
 [90m 34 |[39m [36mclass[39m [33mTaskpaneController[39m {
[31m[1m>[22m[39m[90m 35 |[39m   [36mprivate[39m els[33m![39m[33m:[39m [33mRecord[39m[33m<[39m[33mstring[39m[33m,[39m [33mHTMLElement[39m [33m|[39m [36mnull[39m[33m>[39m[33m;[39m
 [90m    |[39m           [31m[1m^[22m[39m
 [90m 36 |[39m   [36mprivate[39m authController[33m![39m[33m:[39m [33mAuthController[39m [33m|[39m [36mnull[39m[33m;[39m
 [90m 37 |[39m   [36mprivate[39m chatOrchestrator[33m:[39m [33mChatOrchestrator[39m[33m;[39m
 [90m 38 |[39m   [36mprivate[39m writingPresets[33m:[39m [33mWritingPreset[39m[] [33m=[39m [[33m...[39m[33mFALLBACK_PRESETS[39m][33m;[39m[0m
    at constructor (C:\Users\benit\Desktop\Github_Copilot_SDK_addin\node_modules\@babel\parser\lib\index.js:365:19)
    at Parser.raise (C:\Users\benit\Desktop\Github_Copilot_SDK_addin\node_modules\@babel\parser\lib\index.js:6599:19)
    at Parser.unexpected (C:\Users\benit\Desktop\Github_Copilot_SDK_addin\node_modules\@babel\parser\lib\index.js:6619:16)
    at Parser.parseClassMemberWithIsStatic (C:\Users\benit\Desktop\Github_Copilot_SDK_addin\node_modules\@babel\parser\lib\index.js:13667:12)
    at Parser.parseClassMember (C:\Users\benit\Desktop\Github_Copilot_SDK_addin\node_modules\@babel\parser\lib\index.js:13563:10)
    at C:\Users\benit\Desktop\Github_Copilot_SDK_addin\node_modules\@babel\parser\lib\index.js:13517:14
    at Parser.withSmartMixTopicForbiddingContext (C:\Users\benit\Desktop\Github_Copilot_SDK_addin\node_modules\@babel\parser\lib\index.js:12403:14)
    at Parser.parseClassBody (C:\Users\benit\Desktop\Github_Copilot_SDK_addin\node_modules\@babel\parser\lib\index.js:13499:10)
    at Parser.parseClass (C:\Users\benit\Desktop\Github_Copilot_SDK_addin\node_modules\@babel\parser\lib\index.js:13474:22)
    at Parser.parseStatementContent (C:\Users\benit\Desktop\Github_Copilot_SDK_addin\node_modules\@babel\parser\lib\index.js:12794:21)
    at Parser.parseStatementLike (C:\Users\benit\Desktop\Github_Copilot_SDK_addin\node_modules\@babel\parser\lib\index.js:12767:17)
    at Parser.parseModuleItem (C:\Users\benit\Desktop\Github_Copilot_SDK_addin\node_modules\@babel\parser\lib\index.js:12744:17)
    at Parser.parseBlockOrModuleBlockBody (C:\Users\benit\Desktop\Github_Copilot_SDK_addin\node_modules\@babel\parser\lib\index.js:13316:36)
    at Parser.parseBlockBody (C:\Users\benit\Desktop\Github_Copilot_SDK_addin\node_modules\@babel\parser\lib\index.js:13309:10)
    at Parser.parseProgram (C:\Users\benit\Desktop\Github_Copilot_SDK_addin\node_modules\@babel\parser\lib\index.js:12622:10)
    at Parser.parseTopLevel (C:\Users\benit\Desktop\Github_Copilot_SDK_addin\node_modules\@babel\parser\lib\index.js:12612:25)
    at Parser.parse (C:\Users\benit\Desktop\Github_Copilot_SDK_addin\node_modules\@babel\parser\lib\index.js:14488:25)
    at parse (C:\Users\benit\Desktop\Github_Copilot_SDK_addin\node_modules\@babel\parser\lib\index.js:14522:38)
    at parser (C:\Users\benit\Desktop\Github_Copilot_SDK_addin\node_modules\@babel\core\lib\parser\index.js:41:34)
    at parser.next (<anonymous>)
    at normalizeFile (C:\Users\benit\Desktop\Github_Copilot_SDK_addin\node_modules\@babel\core\lib\transformation\normalize-file.js:64:37)
    at normalizeFile.next (<anonymous>)
    at run (C:\Users\benit\Desktop\Github_Copilot_SDK_addin\node_modules\@babel\core\lib\transformation\index.js:22:50)
    at run.next (<anonymous>)
    at transform (C:\Users\benit\Desktop\Github_Copilot_SDK_addin\node_modules\@babel\core\lib\transform.js:22:33)
    at transform.next (<anonymous>)
    at step (C:\Users\benit\Desktop\Github_Copilot_SDK_addin\node_modules\gensync\index.js:261:32)
    at C:\Users\benit\Desktop\Github_Copilot_SDK_addin\node_modules\gensync\index.js:273:13
    at async.call.result.err.err (C:\Users\benit\Desktop\Github_Copilot_SDK_addin\node_modules\gensync\index.js:223:11)
    at C:\Users\benit\Desktop\Github_Copilot_SDK_addin\node_modules\gensync\index.js:189:28
    at C:\Users\benit\Desktop\Github_Copilot_SDK_addin\node_modules\@babel\core\lib\gensync-utils\async.js:67:7
    at C:\Users\benit\Desktop\Github_Copilot_SDK_addin\node_modules\gensync\index.js:113:33
    at step (C:\Users\benit\Desktop\Github_Copilot_SDK_addin\node_modules\gensync\index.js:287:14)
    at C:\Users\benit\Desktop\Github_Copilot_SDK_addin\node_modules\gensync\index.js:273:13
    at async.call.result.err.err (C:\Users\benit\Desktop\Github_Copilot_SDK_addin\node_modules\gensync\index.js:223:11)
    at C:\Users\benit\Desktop\Github_Copilot_SDK_addin\node_modules\gensync\index.js:37:40

webpack 5.105.4 compiled with [1m[31m2 errors[39m[22m in 1608 ms
